// Jest Snapshot v1, https://goo.gl/fbAQLP

exports[`<LoadingIndicator /> should match the snapshot 1`] = `ShallowWrapper {}`;
