// Jest Snapshot v1, https://goo.gl/fbAQLP

exports[`<ResultsDisplay /> should match the snapshot 1`] = `ShallowWrapper {}`;
