// Jest Snapshot v1, https://goo.gl/fbAQLP

exports[`<BaseListSelector /> should match the snapshot 1`] = `
<div>
  <h2
    className="MuiTypography-root-1 MuiTypography-h5-17 MuiTypography-gutterBottom-28"
  >
    
  </h2>
  <div>
    <ul
      className="MuiList-root-37 MuiList-padding-38"
    >
      <div
        className="MuiButtonBase-root-53 MuiListItem-root-41 MuiListItem-default-44 MuiListItem-gutters-49 MuiListItem-button-50 MuiListItem-selected-52"
        onBlur={[Function]}
        onClick={[Function]}
        onContextMenu={[Function]}
        onFocus={[Function]}
        onKeyDown={[Function]}
        onKeyUp={[Function]}
        onMouseDown={[Function]}
        onMouseLeave={[Function]}
        onMouseUp={[Function]}
        onTouchEnd={[Function]}
        onTouchMove={[Function]}
        onTouchStart={[Function]}
        role="button"
        tabIndex="0"
      >
        <div
          className="MuiListItemText-root-56"
        >
          <span
            className="MuiTypography-root-1 MuiTypography-subheading-8 MuiListItemText-primary-59"
          >
            Any
          </span>
        </div>
        <span
          className="MuiTouchRipple-root-62"
        />
      </div>
    </ul>
  </div>
</div>
`;
