// Jest Snapshot v1, https://goo.gl/fbAQLP

exports[`<VehicleTypeSelector /> should match the snapshot 1`] = `ShallowWrapper {}`;
