// Jest Snapshot v1, https://goo.gl/fbAQLP

exports[`<VehicleBrandSelector /> should match the snapshot 1`] = `ShallowWrapper {}`;
