// Jest Snapshot v1, https://goo.gl/fbAQLP

exports[`<VehicleColorSelector /> should match the snapshot 1`] = `ShallowWrapper {}`;
